


ARM Macro Assembler    Page 1 


    1 00000000                 PRESERVE8
    2 00000000                 THUMB
    3 00000000         
    4 00000000         
    5 00000000         ; ====================== zone de réservation de données,
                         ======================================
    6 00000000         ;Section RAM (read only) :
    7 00000000                 area             mesdata,data,readonly
    8 00000000         
    9 00000000         ;Section RAM (read write):
   10 00000000                 area             maram,data,readwrite
   11 00000000 00000000 
                       GestionSon_Index
                               dcd              0           ; int GestionSon_In
                                                            dex=0;
   12 00000004 00000000 
                       SortieSon
                               dcd              0           ; int SortieSon =0;
                                                            
   13 00000008                 export           GestionSon_Index
   14 00000008                 export           GestionSon_callback
   15 00000008                 import           Son
   16 00000008                 export           SortieSon
   17 00000008                 import           LongueurSon
   18 00000008                 import           PeriodeSonMicroSec
   19 00000008                 import           PWM_Set_Value_TIM3_Ch3
   20 00000008                 export           GestionSon_Start
   21 00000008         ; ======================================================
                       =========================================
   22 00000008         
   23 00000008         
   24 00000008         ;Section ROM code (read only) :  
   25 00000008                 area             moncode,code,readonly
   26 00000000         ; écrire le code ici 
   27 00000000         ; Code en c : 
   28 00000000         ; int GestionSon_callback(int GestionSon_Index){
   29 00000000         ;  GestionSon_Index ++;
   30 00000000         ;  return NULL;
   31 00000000         ;  }
   32 00000000         
   33 00000000         ; Code en c :
   34 00000000         ; void GestionSon_callback(int GestionSon_Index){
   35 00000000         ;   if(GestionSon_Index<=LongueurSon)
   36 00000000         ;    {
   37 00000000         ;    short int n = Son[GestionSon_Index];
   38 00000000         ;    GestionSon_Index ++;
   39 00000000         ;    SortieSon=719*(n+32768)/65536;
   40 00000000         ;    }
   41 00000000         ;    
   42 00000000         ;       
   43 00000000         ;}
   44 00000000         ; Code en C : 
   45 00000000         ; void GestionSon_start(){
   46 00000000         ;  int GestionSon_Index = 0;
   47 00000000         ;}
   48 00000000         
   49 00000000         ; Code en C : 
   50 00000000         ; void GestionSon_Stop(){
   51 00000000         ; int GestionSon_Index=LongueurSon+1;



ARM Macro Assembler    Page 2 


   52 00000000         ;}
   53 00000000         GestionSon_Start
                               proc
   54 00000000 B401            push             {R0}
   55 00000002 B402            push             {R1}
   56 00000004         
   57 00000004 4919            LDR              R1, =GestionSon_Index
   58 00000006 F04F 0000       MOV              R0,#0
   59 0000000A 6008            STR              R0, [R1]
   60 0000000C BC02            pop              {R1}
   61 0000000E BC01            pop              {R0}
   62 00000010 4770            bx               lr
   63 00000012                 ENDP
   64 00000012         
   65 00000012         GestionSon_Stop
                               proc
   66 00000012 B402            push             {R1}
   67 00000014 B401            push             {R0}
   68 00000016 4815            LDR              R0, =GestionSon_Index
   69 00000018 4915            LDR              R1, =LongueurSon
   70 0000001A 6809            LDR              R1,[R1]
   71 0000001C F101 0101       ADD              R1,#1
   72 00000020 6001            STR              R1,[R0]
   73 00000022 BC01            pop              {R0}
   74 00000024 BC02            pop              {R1}
   75 00000026 4770            bx               lr
   76 00000028                 ENDP
   77 00000028         
   78 00000028         
   79 00000028         GestionSon_callback
                               proc
   80 00000028         ;    short int n = Son[GestionSon_Index];
   81 00000028 4A11            LDR              R2,=LongueurSon
   82 0000002A 6812            LDR              R2,[R2]
   83 0000002C 490F            LDR              R1,=GestionSon_Index 
                                                            ;R0 adresse d'index
                                                            
   84 0000002E 6808            LDR              R0,[R1]
   85 00000030 4290            CMP              R0,R2
   86 00000032 DA19            BGE              exit
   87 00000034         
   88 00000034 B402            push             {R1}
   89 00000036         
   90 00000036         
   91 00000036 490F            LDR              R1,=Son     ;R1 adresse de son
   92 00000038 EB01 0140       ADD              R1,R1,R0,LSL#1 ; R1=*son+i
   93 0000003C F9B1 2000       LDRSH            R2,[R1]
   94 00000040         
   95 00000040         
   96 00000040 F502 4200       ADD              R2,#32768
   97 00000044 F44F 7134       MOV              R1, #720
   98 00000048 FB02 F201       MUL              R2,R1
   99 0000004C EA4F 4212       LSR              R2,#16
  100 00000050         
  101 00000050 4909            LDR              R1,=SortieSon
  102 00000052 600A            STR              R2,[R1]
  103 00000054         
  104 00000054 BC02            pop              {R1}
  105 00000056         



ARM Macro Assembler    Page 3 


  106 00000056 F100 0001       ADD              R0,R0,#1
  107 0000005A 6008            STR              R0,[R1]
  108 0000005C         
  109 0000005C 4610            MOV              R0,R2
  110 0000005E B500            PUSH             {LR}
  111 00000060 F7FF FFFE       BL               PWM_Set_Value_TIM3_Ch3
  112 00000064 F85D EB04       POP              {LR}
  113 00000068         exit
  114 00000068 4770            bx               lr
  115 0000006A                 ENDP
  116 0000006A         
  117 0000006A         
  118 0000006A                 end
              00 00 00000000 
              00000000 
              00000000 
              00000000 
Command Line: --debug --xref --diag_suppress=9931 --cpu=Cortex-M3 --apcs=interw
ork --depend=.\obj\gestionson.d -o.\obj\gestionson.o -I.\RTE\_reel -IC:\Program
data\Keil\Arm\Packs\ARM\CMSIS\5.7.0\CMSIS\Core\Include -IC:\Programdata\Keil\Ar
m\Packs\Keil\STM32F1xx_DFP\2.3.0\Device\Include --predefine="__EVAL SETA 1" --p
redefine="__MICROLIB SETA 1" --predefine="__UVISION_VERSION SETA 534" --predefi
ne="_RTE_ SETA 1" --predefine="STM32F10X_MD SETA 1" --predefine="_RTE_ SETA 1" 
--list=gestionson.lst GestionSon\GestionSon.s



ARM Macro Assembler    Page 1 Alphabetic symbol ordering
Relocatable symbols

mesdata 00000000

Symbol: mesdata
   Definitions
      At line 7 in file GestionSon\GestionSon.s
   Uses
      None
Comment: mesdata unused
1 symbol



ARM Macro Assembler    Page 1 Alphabetic symbol ordering
Relocatable symbols

GestionSon_Index 00000000

Symbol: GestionSon_Index
   Definitions
      At line 11 in file GestionSon\GestionSon.s
   Uses
      At line 13 in file GestionSon\GestionSon.s
      At line 57 in file GestionSon\GestionSon.s
      At line 68 in file GestionSon\GestionSon.s
      At line 83 in file GestionSon\GestionSon.s

SortieSon 00000004

Symbol: SortieSon
   Definitions
      At line 12 in file GestionSon\GestionSon.s
   Uses
      At line 16 in file GestionSon\GestionSon.s
      At line 101 in file GestionSon\GestionSon.s

maram 00000000

Symbol: maram
   Definitions
      At line 10 in file GestionSon\GestionSon.s
   Uses
      None
Comment: maram unused
3 symbols



ARM Macro Assembler    Page 1 Alphabetic symbol ordering
Relocatable symbols

GestionSon_Start 00000000

Symbol: GestionSon_Start
   Definitions
      At line 53 in file GestionSon\GestionSon.s
   Uses
      At line 20 in file GestionSon\GestionSon.s
Comment: GestionSon_Start used once
GestionSon_Stop 00000012

Symbol: GestionSon_Stop
   Definitions
      At line 65 in file GestionSon\GestionSon.s
   Uses
      None
Comment: GestionSon_Stop unused
GestionSon_callback 00000028

Symbol: GestionSon_callback
   Definitions
      At line 79 in file GestionSon\GestionSon.s
   Uses
      At line 14 in file GestionSon\GestionSon.s
Comment: GestionSon_callback used once
exit 00000068

Symbol: exit
   Definitions
      At line 113 in file GestionSon\GestionSon.s
   Uses
      At line 86 in file GestionSon\GestionSon.s
Comment: exit used once
moncode 00000000

Symbol: moncode
   Definitions
      At line 25 in file GestionSon\GestionSon.s
   Uses
      None
Comment: moncode unused
5 symbols



ARM Macro Assembler    Page 1 Alphabetic symbol ordering
External symbols

LongueurSon 00000000

Symbol: LongueurSon
   Definitions
      At line 17 in file GestionSon\GestionSon.s
   Uses
      At line 69 in file GestionSon\GestionSon.s
      At line 81 in file GestionSon\GestionSon.s

PWM_Set_Value_TIM3_Ch3 00000000

Symbol: PWM_Set_Value_TIM3_Ch3
   Definitions
      At line 19 in file GestionSon\GestionSon.s
   Uses
      At line 111 in file GestionSon\GestionSon.s
Comment: PWM_Set_Value_TIM3_Ch3 used once
PeriodeSonMicroSec 00000000

Symbol: PeriodeSonMicroSec
   Definitions
      At line 18 in file GestionSon\GestionSon.s
   Uses
      None
Comment: PeriodeSonMicroSec unused
Son 00000000

Symbol: Son
   Definitions
      At line 15 in file GestionSon\GestionSon.s
   Uses
      At line 91 in file GestionSon\GestionSon.s
Comment: Son used once
4 symbols
350 symbols in table
